meta filetype=SNAP format=0.13 version="3.8.0-entrypoint-49-g97a3b38040" instance=18b7f835-71e7-47f7-95ca-c0ea768b5808 vclock={} prev_vclock={} extras={}
row lsn=0 replica=0 type=INSERT tsn=0 commit=true flags=0x01 group=0 ts=1.780264762046598e+09 dml space=272 tuple=["replicaset_uuid","42e2191a-c70d-422b-b2f4-868831bb1319"]
row lsn=1 replica=0 type=INSERT tsn=1 commit=true flags=0x01 group=0 ts=1.780264762046598e+09 dml space=272 tuple=["version",3,3,0]
row lsn=2 replica=0 type=INSERT tsn=2 commit=true flags=0x01 group=0 ts=1.780264762046598e+09 dml space=276 tuple=[0,"none",1,"BINARY","",{}]
row lsn=3 replica=0 type=INSERT tsn=3 commit=true flags=0x01 group=0 ts=1.780264762046598e+09 dml space=276 tuple=[1,"unicode",1,"ICU","",{"strength":"tertiary"}]
row lsn=4 replica=0 type=INSERT tsn=4 commit=true flags=0x01 group=0 ts=1.780264762046598e+09 dml space=276 tuple=[2,"unicode_ci",1,"ICU","",{"strength":"primary"}]
row lsn=5 replica=0 type=INSERT tsn=5 commit=true flags=0x01 group=0 ts=1.780264762046598e+09 dml space=276 tuple=[3,"binary",1,"BINARY","",{}]
row lsn=6 replica=0 type=INSERT tsn=6 commit=true flags=0x01 group=0 ts=1.780264762046598e+09 dml space=276 tuple=[4,"unicode_af_s1",1,"ICU","af",{"strength":"primary"}]
row lsn=7 replica=0 type=INSERT tsn=7 commit=true flags=0x01 group=0 ts=1.780264762046598e+09 dml space=276 tuple=[5,"unicode_af_s2",1,"ICU","af",{"strength":"secondary"}]
row lsn=8 replica=0 type=INSERT tsn=8 commit=true flags=0x01 group=0 ts=1.780264762046598e+09 dml space=276 tuple=[6,"unicode_af_s3",1,"ICU","af",{"strength":"tertiary"}]
row lsn=9 replica=0 type=INSERT tsn=9 commit=true flags=0x01 group=0 ts=1.780264762046598e+09 dml space=276 tuple=[7,"unicode_am_s1",1,"ICU","am",{"strength":"primary"}]
row lsn=10 replica=0 type=INSERT tsn=10 commit=true flags=0x01 group=0 ts=1.780264762046598e+09 dml space=276 tuple=[8,"unicode_am_s2",1,"ICU","am",{"strength":"secondary"}]
row lsn=11 replica=0 type=INSERT tsn=11 commit=true flags=0x01 group=0 ts=1.780264762046598e+09 dml space=276 tuple=[9,"unicode_am_s3",1,"ICU","am",{"strength":"tertiary"}]
row lsn=12 replica=0 type=INSERT tsn=12 commit=true flags=0x01 group=0 ts=1.780264762046598e+09 dml space=276 tuple=[10,"unicode_ar_s1",1,"ICU","ar",{"strength":"primary"}]
row lsn=13 replica=0 type=INSERT tsn=13 commit=true flags=0x01 group=0 ts=1.780264762046598e+09 dml space=276 tuple=[11,"unicode_ar_s2",1,"ICU","ar",{"strength":"secondary"}]
row lsn=14 replica=0 type=INSERT tsn=14 commit=true flags=0x01 group=0 ts=1.780264762046598e+09 dml space=276 tuple=[12,"unicode_ar_s3",1,"ICU","ar",{"strength":"tertiary"}]
row lsn=15 replica=0 type=INSERT tsn=15 commit=true flags=0x01 group=0 ts=1.780264762046598e+09 dml space=276 tuple=[13,"unicode_as_s1",1,"ICU","as",{"strength":"primary"}]
row lsn=16 replica=0 type=INSERT tsn=16 commit=true flags=0x01 group=0 ts=1.780264762046598e+09 dml space=276 tuple=[14,"unicode_as_s2",1,"ICU","as",{"strength":"secondary"}]
row lsn=17 replica=0 type=INSERT tsn=17 commit=true flags=0x01 group=0 ts=1.780264762046598e+09 dml space=276 tuple=[15,"unicode_as_s3",1,"ICU","as",{"strength":"tertiary"}]
row lsn=18 replica=0 type=INSERT tsn=18 commit=true flags=0x01 group=0 ts=1.780264762046598e+09 dml space=276 tuple=[16,"unicode_az_s1",1,"ICU","az",{"strength":"primary"}]
row lsn=19 replica=0 type=INSERT tsn=19 commit=true flags=0x01 group=0 ts=1.780264762046598e+09 dml space=276 tuple=[17,"unicode_az_s2",1,"ICU","az",{"strength":"secondary"}]
row lsn=20 replica=0 type=INSERT tsn=20 commit=true flags=0x01 group=0 ts=1.780264762046598e+09 dml space=276 tuple=[18,"unicode_az_s3",1,"ICU","az",{"strength":"tertiary"}]
row lsn=21 replica=0 type=INSERT tsn=21 commit=true flags=0x01 group=0 ts=1.780264762046598e+09 dml space=276 tuple=[19,"unicode_be_s1",1,"ICU","be",{"strength":"primary"}]
row lsn=22 replica=0 type=INSERT tsn=22 commit=true flags=0x01 group=0 ts=1.780264762046598e+09 dml space=276 tuple=[20,"unicode_be_s2",1,"ICU","be",{"strength":"secondary"}]
row lsn=23 replica=0 type=INSERT tsn=23 commit=true flags=0x01 group=0 ts=1.780264762046598e+09 dml space=276 tuple=[21,"unicode_be_s3",1,"ICU","be",{"strength":"tertiary"}]
row lsn=24 replica=0 type=INSERT tsn=24 commit=true flags=0x01 group=0 ts=1.780264762046598e+09 dml space=276 tuple=[22,"unicode_bn_s1",1,"ICU","bn",{"strength":"primary"}]
row lsn=25 replica=0 type=INSERT tsn=25 commit=true flags=0x01 group=0 ts=1.780264762046598e+09 dml space=276 tuple=[23,"unicode_bn_s2",1,"ICU","bn",{"strength":"secondary"}]
row lsn=26 replica=0 type=INSERT tsn=26 commit=true flags=0x01 group=0 ts=1.780264762046598e+09 dml space=276 tuple=[24,"unicode_bn_s3",1,"ICU","bn",{"strength":"tertiary"}]
row lsn=27 replica=0 type=INSERT tsn=27 commit=true flags=0x01 group=0 ts=1.780264762046598e+09 dml space=276 tuple=[25,"unicode_bs_s1",1,"ICU","bs",{"strength":"primary"}]
row lsn=28 replica=0 type=INSERT tsn=28 commit=true flags=0x01 group=0 ts=1.780264762046598e+09 dml space=276 tuple=[26,"unicode_bs_s2",1,"ICU","bs",{"strength":"secondary"}]
row lsn=29 replica=0 type=INSERT tsn=29 commit=true flags=0x01 group=0 ts=1.780264762046598e+09 dml space=276 tuple=[27,"unicode_bs_s3",1,"ICU","bs",{"strength":"tertiary"}]
row lsn=30 replica=0 type=INSERT tsn=30 commit=true flags=0x01 group=0 ts=1.780264762046598e+09 dml space=276 tuple=[28,"unicode_bs_Cyrl_s1",1,"ICU","bs_Cyrl",{"strength":"primary"}]
row lsn=31 replica=0 type=INSERT tsn=31 commit=true flags=0x01 group=0 ts=1.780264762046598e+09 dml space=276 tuple=[29,"unicode_bs_Cyrl_s2",1,"ICU","bs_Cyrl",{"strength":"secondary"}]
row lsn=32 replica=0 type=INSERT tsn=32 commit=true flags=0x01 group=0 ts=1.780264762046598e+09 dml space=276 tuple=[30,"unicode_bs_Cyrl_s3",1,"ICU","bs_Cyrl",{"strength":"tertiary"}]
row lsn=33 replica=0 type=INSERT tsn=33 commit=true flags=0x01 group=0 ts=1.780264762046598e+09 dml space=276 tuple=[31,"unicode_ca_s1",1,"ICU","ca",{"strength":"primary"}]
row lsn=34 replica=0 type=INSERT tsn=34 commit=true flags=0x01 group=0 ts=1.780264762046598e+09 dml space=276 tuple=[32,"unicode_ca_s2",1,"ICU","ca",{"strength":"secondary"}]
row lsn=35 replica=0 type=INSERT tsn=35 commit=true flags=0x01 group=0 ts=1.780264762046598e+09 dml space=276 tuple=[33,"unicode_ca_s3",1,"ICU","ca",{"strength":"tertiary"}]
row lsn=36 replica=0 type=INSERT tsn=36 commit=true flags=0x01 group=0 ts=1.780264762046598e+09 dml space=276 tuple=[34,"unicode_cs_s1",1,"ICU","cs",{"strength":"primary"}]
row lsn=37 replica=0 type=INSERT tsn=37 commit=true flags=0x01 group=0 ts=1.780264762046598e+09 dml space=276 tuple=[35,"unicode_cs_s2",1,"ICU","cs",{"strength":"secondary"}]
row lsn=38 replica=0 type=INSERT tsn=38 commit=true flags=0x01 group=0 ts=1.780264762046598e+09 dml space=276 tuple=[36,"unicode_cs_s3",1,"ICU","cs",{"strength":"tertiary"}]
row lsn=39 replica=0 type=INSERT tsn=39 commit=true flags=0x01 group=0 ts=1.780264762046598e+09 dml space=276 tuple=[37,"unicode_cy_s1",1,"ICU","cy",{"strength":"primary"}]
row lsn=40 replica=0 type=INSERT tsn=40 commit=true flags=0x01 group=0 ts=1.780264762046598e+09 dml space=276 tuple=[38,"unicode_cy_s2",1,"ICU","cy",{"strength":"secondary"}]
row lsn=41 replica=0 type=INSERT tsn=41 commit=true flags=0x01 group=0 ts=1.780264762046598e+09 dml space=276 tuple=[39,"unicode_cy_s3",1,"ICU","cy",{"strength":"tertiary"}]
row lsn=42 replica=0 type=INSERT tsn=42 commit=true flags=0x01 group=0 ts=1.780264762046598e+09 dml space=276 tuple=[40,"unicode_da_s1",1,"ICU","da",{"strength":"primary"}]
row lsn=43 replica=0 type=INSERT tsn=43 commit=true flags=0x01 group=0 ts=1.780264762046598e+09 dml space=276 tuple=[41,"unicode_da_s2",1,"ICU","da",{"strength":"secondary"}]
row lsn=44 replica=0 type=INSERT tsn=44 commit=true flags=0x01 group=0 ts=1.780264762046598e+09 dml space=276 tuple=[42,"unicode_da_s3",1,"ICU","da",{"strength":"tertiary"}]
row lsn=45 replica=0 type=INSERT tsn=45 commit=true flags=0x01 group=0 ts=1.780264762046598e+09 dml space=276 tuple=[43,"unicode_de__phonebook_s1",1,"ICU","de_DE_u_co_phonebk",{"strength":"primary"}]
row lsn=46 replica=0 type=INSERT tsn=46 commit=true flags=0x01 group=0 ts=1.780264762046598e+09 dml space=276 tuple=[44,"unicode_de__phonebook_s2",1,"ICU","de_DE_u_co_phonebk",{"strength":"secondary"}]
row lsn=47 replica=0 type=INSERT tsn=47 commit=true flags=0x01 group=0 ts=1.780264762046598e+09 dml space=276 tuple=[45,"unicode_de__phonebook_s3",1,"ICU","de_DE_u_co_phonebk",{"strength":"tertiary"}]
row lsn=48 replica=0 type=INSERT tsn=48 commit=true flags=0x01 group=0 ts=1.780264762046598e+09 dml space=276 tuple=[46,"unicode_de_AT_phonebook_s1",1,"ICU","de_AT_u_co_phonebk",{"strength":"primary"}]
row lsn=49 replica=0 type=INSERT tsn=49 commit=true flags=0x01 group=0 ts=1.780264762046598e+09 dml space=276 tuple=[47,"unicode_de_AT_phonebook_s2",1,"ICU","de_AT_u_co_phonebk",{"strength":"secondary"}]
row lsn=50 replica=0 type=INSERT tsn=50 commit=true flags=0x01 group=0 ts=1.780264762046598e+09 dml space=276 tuple=[48,"unicode_de_AT_phonebook_s3",1,"ICU","de_AT_u_co_phonebk",{"strength":"tertiary"}]
row lsn=51 replica=0 type=INSERT tsn=51 commit=true flags=0x01 group=0 ts=1.780264762046598e+09 dml space=276 tuple=[49,"unicode_dsb_s1",1,"ICU","dsb",{"strength":"primary"}]
row lsn=52 replica=0 type=INSERT tsn=52 commit=true flags=0x01 group=0 ts=1.780264762046598e+09 dml space=276 tuple=[50,"unicode_dsb_s2",1,"ICU","dsb",{"strength":"secondary"}]
row lsn=53 replica=0 type=INSERT tsn=53 commit=true flags=0x01 group=0 ts=1.780264762046598e+09 dml space=276 tuple=[51,"unicode_dsb_s3",1,"ICU","dsb",{"strength":"tertiary"}]
row lsn=54 replica=0 type=INSERT tsn=54 commit=true flags=0x01 group=0 ts=1.780264762046598e+09 dml space=276 tuple=[52,"unicode_ee_s1",1,"ICU","ee",{"strength":"primary"}]
row lsn=55 replica=0 type=INSERT tsn=55 commit=true flags=0x01 group=0 ts=1.780264762046598e+09 dml space=276 tuple=[53,"unicode_ee_s2",1,"ICU","ee",{"strength":"secondary"}]
row lsn=56 replica=0 type=INSERT tsn=56 commit=true flags=0x01 group=0 ts=1.780264762046598e+09 dml space=276 tuple=[54,"unicode_ee_s3",1,"ICU","ee",{"strength":"tertiary"}]
row lsn=57 replica=0 type=INSERT tsn=57 commit=true flags=0x01 group=0 ts=1.780264762046598e+09 dml space=276 tuple=[55,"unicode_eo_s1",1,"ICU","eo",{"strength":"primary"}]
row lsn=58 replica=0 type=INSERT tsn=58 commit=true flags=0x01 group=0 ts=1.780264762046598e+09 dml space=276 tuple=[56,"unicode_eo_s2",1,"ICU","eo",{"strength":"secondary"}]
row lsn=59 replica=0 type=INSERT tsn=59 commit=true flags=0x01 group=0 ts=1.780264762046598e+09 dml space=276 tuple=[57,"unicode_eo_s3",1,"ICU","eo",{"strength":"tertiary"}]
row lsn=60 replica=0 type=INSERT tsn=60 commit=true flags=0x01 group=0 ts=1.780264762046598e+09 dml space=276 tuple=[58,"unicode_es_s1",1,"ICU","es",{"strength":"primary"}]
row lsn=61 replica=0 type=INSERT tsn=61 commit=true flags=0x01 group=0 ts=1.780264762046598e+09 dml space=276 tuple=[59,"unicode_es_s2",1,"ICU","es",{"strength":"secondary"}]
row lsn=62 replica=0 type=INSERT tsn=62 commit=true flags=0x01 group=0 ts=1.780264762046598e+09 dml space=276 tuple=[60,"unicode_es_s3",1,"ICU","es",{"strength":"tertiary"}]
row lsn=63 replica=0 type=INSERT tsn=63 commit=true flags=0x01 group=0 ts=1.780264762046598e+09 dml space=276 tuple=[61,"unicode_es__traditional_s1",1,"ICU","es_u_co_trad",{"strength":"primary"}]
row lsn=64 replica=0 type=INSERT tsn=64 commit=true flags=0x01 group=0 ts=1.780264762046598e+09 dml space=276 tuple=[62,"unicode_es__traditional_s2",1,"ICU","es_u_co_trad",{"strength":"secondary"}]
row lsn=65 replica=0 type=INSERT tsn=65 commit=true flags=0x01 group=0 ts=1.780264762046598e+09 dml space=276 tuple=[63,"unicode_es__traditional_s3",1,"ICU","es_u_co_trad",{"strength":"tertiary"}]
row lsn=66 replica=0 type=INSERT tsn=66 commit=true flags=0x01 group=0 ts=1.780264762046598e+09 dml space=276 tuple=[64,"unicode_et_s1",1,"ICU","et",{"strength":"primary"}]
row lsn=67 replica=0 type=INSERT tsn=67 commit=true flags=0x01 group=0 ts=1.780264762046598e+09 dml space=276 tuple=[65,"unicode_et_s2",1,"ICU","et",{"strength":"secondary"}]
row lsn=68 replica=0 type=INSERT tsn=68 commit=true flags=0x01 group=0 ts=1.780264762046598e+09 dml space=276 tuple=[66,"unicode_et_s3",1,"ICU","et",{"strength":"tertiary"}]
row lsn=69 replica=0 type=INSERT tsn=69 commit=true flags=0x01 group=0 ts=1.780264762046598e+09 dml space=276 tuple=[67,"unicode_fa_s1",1,"ICU","fa",{"strength":"primary"}]
row lsn=70 replica=0 type=INSERT tsn=70 commit=true flags=0x01 group=0 ts=1.780264762046598e+09 dml space=276 tuple=[68,"unicode_fa_s2",1,"ICU","fa",{"strength":"secondary"}]
row lsn=71 replica=0 type=INSERT tsn=71 commit=true flags=0x01 group=0 ts=1.780264762046598e+09 dml space=276 tuple=[69,"unicode_fa_s3",1,"ICU","fa",{"strength":"tertiary"}]
row lsn=72 replica=0 type=INSERT tsn=72 commit=true flags=0x01 group=0 ts=1.780264762046598e+09 dml space=276 tuple=[70,"unicode_fi_s1",1,"ICU","fi",{"strength":"primary"}]
row lsn=73 replica=0 type=INSERT tsn=73 commit=true flags=0x01 group=0 ts=1.780264762046598e+09 dml space=276 tuple=[71,"unicode_fi_s2",1,"ICU","fi",{"strength":"secondary"}]
row lsn=74 replica=0 type=INSERT tsn=74 commit=true flags=0x01 group=0 ts=1.780264762046598e+09 dml space=276 tuple=[72,"unicode_fi_s3",1,"ICU","fi",{"strength":"tertiary"}]
row lsn=75 replica=0 type=INSERT tsn=75 commit=true flags=0x01 group=0 ts=1.780264762046598e+09 dml space=276 tuple=[73,"unicode_fi__phonebook_s1",1,"ICU","fi_u_co_phonebk",{"strength":"primary"}]
row lsn=76 replica=0 type=INSERT tsn=76 commit=true flags=0x01 group=0 ts=1.780264762046598e+09 dml space=276 tuple=[74,"unicode_fi__phonebook_s2",1,"ICU","fi_u_co_phonebk",{"strength":"secondary"}]
row lsn=77 replica=0 type=INSERT tsn=77 commit=true flags=0x01 group=0 ts=1.780264762046598e+09 dml space=276 tuple=[75,"unicode_fi__phonebook_s3",1,"ICU","fi_u_co_phonebk",{"strength":"tertiary"}]
row lsn=78 replica=0 type=INSERT tsn=78 commit=true flags=0x01 group=0 ts=1.780264762046598e+09 dml space=276 tuple=[76,"unicode_fil_s1",1,"ICU","fil",{"strength":"primary"}]
row lsn=79 replica=0 type=INSERT tsn=79 commit=true flags=0x01 group=0 ts=1.780264762046598e+09 dml space=276 tuple=[77,"unicode_fil_s2",1,"ICU","fil",{"strength":"secondary"}]
row lsn=80 replica=0 type=INSERT tsn=80 commit=true flags=0x01 group=0 ts=1.780264762046598e+09 dml space=276 tuple=[78,"unicode_fil_s3",1,"ICU","fil",{"strength":"tertiary"}]
row lsn=81 replica=0 type=INSERT tsn=81 commit=true flags=0x01 group=0 ts=1.780264762046598e+09 dml space=276 tuple=[79,"unicode_fo_s1",1,"ICU","fo",{"strength":"primary"}]
row lsn=82 replica=0 type=INSERT tsn=82 commit=true flags=0x01 group=0 ts=1.780264762046598e+09 dml space=276 tuple=[80,"unicode_fo_s2",1,"ICU","fo",{"strength":"secondary"}]
row lsn=83 replica=0 type=INSERT tsn=83 commit=true flags=0x01 group=0 ts=1.780264762046598e+09 dml space=276 tuple=[81,"unicode_fo_s3",1,"ICU","fo",{"strength":"tertiary"}]
row lsn=84 replica=0 type=INSERT tsn=84 commit=true flags=0x01 group=0 ts=1.780264762046598e+09 dml space=276 tuple=[82,"unicode_fr_CA_s1",1,"ICU","fr_CA",{"strength":"primary"}]
row lsn=85 replica=0 type=INSERT tsn=85 commit=true flags=0x01 group=0 ts=1.780264762046598e+09 dml space=276 tuple=[83,"unicode_fr_CA_s2",1,"ICU","fr_CA",{"strength":"secondary"}]
row lsn=86 replica=0 type=INSERT tsn=86 commit=true flags=0x01 group=0 ts=1.780264762046598e+09 dml space=276 tuple=[84,"unicode_fr_CA_s3",1,"ICU","fr_CA",{"strength":"tertiary"}]
row lsn=87 replica=0 type=INSERT tsn=87 commit=true flags=0x01 group=0 ts=1.780264762046598e+09 dml space=276 tuple=[85,"unicode_gu_s1",1,"ICU","gu",{"strength":"primary"}]
row lsn=88 replica=0 type=INSERT tsn=88 commit=true flags=0x01 group=0 ts=1.780264762046598e+09 dml space=276 tuple=[86,"unicode_gu_s2",1,"ICU","gu",{"strength":"secondary"}]
row lsn=89 replica=0 type=INSERT tsn=89 commit=true flags=0x01 group=0 ts=1.780264762046598e+09 dml space=276 tuple=[87,"unicode_gu_s3",1,"ICU","gu",{"strength":"tertiary"}]
row lsn=90 replica=0 type=INSERT tsn=90 commit=true flags=0x01 group=0 ts=1.780264762046598e+09 dml space=276 tuple=[88,"unicode_ha_s1",1,"ICU","ha",{"strength":"primary"}]
row lsn=91 replica=0 type=INSERT tsn=91 commit=true flags=0x01 group=0 ts=1.780264762046598e+09 dml space=276 tuple=[89,"unicode_ha_s2",1,"ICU","ha",{"strength":"secondary"}]
row lsn=92 replica=0 type=INSERT tsn=92 commit=true flags=0x01 group=0 ts=1.780264762046598e+09 dml space=276 tuple=[90,"unicode_ha_s3",1,"ICU","ha",{"strength":"tertiary"}]
row lsn=93 replica=0 type=INSERT tsn=93 commit=true flags=0x01 group=0 ts=1.780264762046598e+09 dml space=276 tuple=[91,"unicode_haw_s1",1,"ICU","haw",{"strength":"primary"}]
row lsn=94 replica=0 type=INSERT tsn=94 commit=true flags=0x01 group=0 ts=1.780264762046598e+09 dml space=276 tuple=[92,"unicode_haw_s2",1,"ICU","haw",{"strength":"secondary"}]
row lsn=95 replica=0 type=INSERT tsn=95 commit=true flags=0x01 group=0 ts=1.780264762046598e+09 dml space=276 tuple=[93,"unicode_haw_s3",1,"ICU","haw",{"strength":"tertiary"}]
row lsn=96 replica=0 type=INSERT tsn=96 commit=true flags=0x01 group=0 ts=1.780264762046598e+09 dml space=276 tuple=[94,"unicode_he_s1",1,"ICU","he",{"strength":"primary"}]
row lsn=97 replica=0 type=INSERT tsn=97 commit=true flags=0x01 group=0 ts=1.780264762046598e+09 dml space=276 tuple=[95,"unicode_he_s2",1,"ICU","he",{"strength":"secondary"}]
row lsn=98 replica=0 type=INSERT tsn=98 commit=true flags=0x01 group=0 ts=1.780264762046598e+09 dml space=276 tuple=[96,"unicode_he_s3",1,"ICU","he",{"strength":"tertiary"}]
row lsn=99 replica=0 type=INSERT tsn=99 commit=true flags=0x01 group=0 ts=1.780264762046598e+09 dml space=276 tuple=[97,"unicode_hi_s1",1,"ICU","hi",{"strength":"primary"}]
row lsn=100 replica=0 type=INSERT tsn=100 commit=true flags=0x01 group=0 ts=1.780264762046598e+09 dml space=276 tuple=[98,"unicode_hi_s2",1,"ICU","hi",{"strength":"secondary"}]
row lsn=101 replica=0 type=INSERT tsn=101 commit=true flags=0x01 group=0 ts=1.780264762046598e+09 dml space=276 tuple=[99,"unicode_hi_s3",1,"ICU","hi",{"strength":"tertiary"}]
row lsn=102 replica=0 type=INSERT tsn=102 commit=true flags=0x01 group=0 ts=1.780264762046598e+09 dml space=276 tuple=[100,"unicode_hr_s1",1,"ICU","hr",{"strength":"primary"}]
row lsn=103 replica=0 type=INSERT tsn=103 commit=true flags=0x01 group=0 ts=1.780264762046598e+09 dml space=276 tuple=[101,"unicode_hr_s2",1,"ICU","hr",{"strength":"secondary"}]
row lsn=104 replica=0 type=INSERT tsn=104 commit=true flags=0x01 group=0 ts=1.780264762046598e+09 dml space=276 tuple=[102,"unicode_hr_s3",1,"ICU","hr",{"strength":"tertiary"}]
row lsn=105 replica=0 type=INSERT tsn=105 commit=true flags=0x01 group=0 ts=1.780264762046598e+09 dml space=276 tuple=[103,"unicode_hu_s1",1,"ICU","hu",{"strength":"primary"}]
row lsn=106 replica=0 type=INSERT tsn=106 commit=true flags=0x01 group=0 ts=1.780264762046598e+09 dml space=276 tuple=[104,"unicode_hu_s2",1,"ICU","hu",{"strength":"secondary"}]
row lsn=107 replica=0 type=INSERT tsn=107 commit=true flags=0x01 group=0 ts=1.780264762046598e+09 dml space=276 tuple=[105,"unicode_hu_s3",1,"ICU","hu",{"strength":"tertiary"}]
row lsn=108 replica=0 type=INSERT tsn=108 commit=true flags=0x01 group=0 ts=1.780264762046598e+09 dml space=276 tuple=[106,"unicode_hy_s1",1,"ICU","hy",{"strength":"primary"}]
row lsn=109 replica=0 type=INSERT tsn=109 commit=true flags=0x01 group=0 ts=1.780264762046598e+09 dml space=276 tuple=[107,"unicode_hy_s2",1,"ICU","hy",{"strength":"secondary"}]
row lsn=110 replica=0 type=INSERT tsn=110 commit=true flags=0x01 group=0 ts=1.780264762046598e+09 dml space=276 tuple=[108,"unicode_hy_s3",1,"ICU","hy",{"strength":"tertiary"}]
row lsn=111 replica=0 type=INSERT tsn=111 commit=true flags=0x01 group=0 ts=1.780264762046598e+09 dml space=276 tuple=[109,"unicode_ig_s1",1,"ICU","ig",{"strength":"primary"}]
row lsn=112 replica=0 type=INSERT tsn=112 commit=true flags=0x01 group=0 ts=1.780264762046598e+09 dml space=276 tuple=[110,"unicode_ig_s2",1,"ICU","ig",{"strength":"secondary"}]
row lsn=113 replica=0 type=INSERT tsn=113 commit=true flags=0x01 group=0 ts=1.780264762046598e+09 dml space=276 tuple=[111,"unicode_ig_s3",1,"ICU","ig",{"strength":"tertiary"}]
row lsn=114 replica=0 type=INSERT tsn=114 commit=true flags=0x01 group=0 ts=1.780264762046598e+09 dml space=276 tuple=[112,"unicode_is_s1",1,"ICU","is",{"strength":"primary"}]
row lsn=115 replica=0 type=INSERT tsn=115 commit=true flags=0x01 group=0 ts=1.780264762046598e+09 dml space=276 tuple=[113,"unicode_is_s2",1,"ICU","is",{"strength":"secondary"}]
row lsn=116 replica=0 type=INSERT tsn=116 commit=true flags=0x01 group=0 ts=1.780264762046598e+09 dml space=276 tuple=[114,"unicode_is_s3",1,"ICU","is",{"strength":"tertiary"}]
row lsn=117 replica=0 type=INSERT tsn=117 commit=true flags=0x01 group=0 ts=1.780264762046598e+09 dml space=276 tuple=[115,"unicode_ja_s1",1,"ICU","ja",{"strength":"primary"}]
row lsn=118 replica=0 type=INSERT tsn=118 commit=true flags=0x01 group=0 ts=1.780264762046598e+09 dml space=276 tuple=[116,"unicode_ja_s2",1,"ICU","ja",{"strength":"secondary"}]
row lsn=119 replica=0 type=INSERT tsn=119 commit=true flags=0x01 group=0 ts=1.780264762046598e+09 dml space=276 tuple=[117,"unicode_ja_s3",1,"ICU","ja",{"strength":"tertiary"}]
row lsn=120 replica=0 type=INSERT tsn=120 commit=true flags=0x01 group=0 ts=1.780264762046598e+09 dml space=276 tuple=[118,"unicode_kk_s1",1,"ICU","kk",{"strength":"primary"}]
row lsn=121 replica=0 type=INSERT tsn=121 commit=true flags=0x01 group=0 ts=1.780264762046598e+09 dml space=276 tuple=[119,"unicode_kk_s2",1,"ICU","kk",{"strength":"secondary"}]
row lsn=122 replica=0 type=INSERT tsn=122 commit=true flags=0x01 group=0 ts=1.780264762046598e+09 dml space=276 tuple=[120,"unicode_kk_s3",1,"ICU","kk",{"strength":"tertiary"}]
row lsn=123 replica=0 type=INSERT tsn=123 commit=true flags=0x01 group=0 ts=1.780264762046598e+09 dml space=276 tuple=[121,"unicode_kl_s1",1,"ICU","kl",{"strength":"primary"}]
row lsn=124 replica=0 type=INSERT tsn=124 commit=true flags=0x01 group=0 ts=1.780264762046598e+09 dml space=276 tuple=[122,"unicode_kl_s2",1,"ICU","kl",{"strength":"secondary"}]
row lsn=125 replica=0 type=INSERT tsn=125 commit=true flags=0x01 group=0 ts=1.780264762046598e+09 dml space=276 tuple=[123,"unicode_kl_s3",1,"ICU","kl",{"strength":"tertiary"}]
row lsn=126 replica=0 type=INSERT tsn=126 commit=true flags=0x01 group=0 ts=1.780264762046598e+09 dml space=276 tuple=[124,"unicode_kn_s1",1,"ICU","kn",{"strength":"primary"}]
row lsn=127 replica=0 type=INSERT tsn=127 commit=true flags=0x01 group=0 ts=1.780264762046598e+09 dml space=276 tuple=[125,"unicode_kn_s2",1,"ICU","kn",{"strength":"secondary"}]
row lsn=128 replica=0 type=INSERT tsn=128 commit=true flags=0x01 group=0 ts=1.780264762046598e+09 dml space=276 tuple=[126,"unicode_kn_s3",1,"ICU","kn",{"strength":"tertiary"}]
row lsn=129 replica=0 type=INSERT tsn=129 commit=true flags=0x01 group=0 ts=1.780264762046598e+09 dml space=276 tuple=[127,"unicode_ko_s1",1,"ICU","ko",{"strength":"primary"}]
row lsn=130 replica=0 type=INSERT tsn=130 commit=true flags=0x01 group=0 ts=1.780264762046598e+09 dml space=276 tuple=[128,"unicode_ko_s2",1,"ICU","ko",{"strength":"secondary"}]
row lsn=131 replica=0 type=INSERT tsn=131 commit=true flags=0x01 group=0 ts=1.780264762046598e+09 dml space=276 tuple=[129,"unicode_ko_s3",1,"ICU","ko",{"strength":"tertiary"}]
row lsn=132 replica=0 type=INSERT tsn=132 commit=true flags=0x01 group=0 ts=1.780264762046598e+09 dml space=276 tuple=[130,"unicode_kok_s1",1,"ICU","kok",{"strength":"primary"}]
row lsn=133 replica=0 type=INSERT tsn=133 commit=true flags=0x01 group=0 ts=1.780264762046598e+09 dml space=276 tuple=[131,"unicode_kok_s2",1,"ICU","kok",{"strength":"secondary"}]
row lsn=134 replica=0 type=INSERT tsn=134 commit=true flags=0x01 group=0 ts=1.780264762046598e+09 dml space=276 tuple=[132,"unicode_kok_s3",1,"ICU","kok",{"strength":"tertiary"}]
row lsn=135 replica=0 type=INSERT tsn=135 commit=true flags=0x01 group=0 ts=1.780264762046598e+09 dml space=276 tuple=[133,"unicode_ky_s1",1,"ICU","ky",{"strength":"primary"}]
row lsn=136 replica=0 type=INSERT tsn=136 commit=true flags=0x01 group=0 ts=1.780264762046598e+09 dml space=276 tuple=[134,"unicode_ky_s2",1,"ICU","ky",{"strength":"secondary"}]
row lsn=137 replica=0 type=INSERT tsn=137 commit=true flags=0x01 group=0 ts=1.780264762046598e+09 dml space=276 tuple=[135,"unicode_ky_s3",1,"ICU","ky",{"strength":"tertiary"}]
row lsn=138 replica=0 type=INSERT tsn=138 commit=true flags=0x01 group=0 ts=1.780264762046598e+09 dml space=276 tuple=[136,"unicode_lkt_s1",1,"ICU","lkt",{"strength":"primary"}]
row lsn=139 replica=0 type=INSERT tsn=139 commit=true flags=0x01 group=0 ts=1.780264762046598e+09 dml space=276 tuple=[137,"unicode_lkt_s2",1,"ICU","lkt",{"strength":"secondary"}]
row lsn=140 replica=0 type=INSERT tsn=140 commit=true flags=0x01 group=0 ts=1.780264762046598e+09 dml space=276 tuple=[138,"unicode_lkt_s3",1,"ICU","lkt",{"strength":"tertiary"}]
row lsn=141 replica=0 type=INSERT tsn=141 commit=true flags=0x01 group=0 ts=1.780264762046598e+09 dml space=276 tuple=[139,"unicode_ln_s1",1,"ICU","ln",{"strength":"primary"}]
row lsn=142 replica=0 type=INSERT tsn=142 commit=true flags=0x01 group=0 ts=1.780264762046598e+09 dml space=276 tuple=[140,"unicode_ln_s2",1,"ICU","ln",{"strength":"secondary"}]
row lsn=143 replica=0 type=INSERT tsn=143 commit=true flags=0x01 group=0 ts=1.780264762046598e+09 dml space=276 tuple=[141,"unicode_ln_s3",1,"ICU","ln",{"strength":"tertiary"}]
row lsn=144 replica=0 type=INSERT tsn=144 commit=true flags=0x01 group=0 ts=1.780264762046598e+09 dml space=276 tuple=[142,"unicode_lt_s1",1,"ICU","lt",{"strength":"primary"}]
row lsn=145 replica=0 type=INSERT tsn=145 commit=true flags=0x01 group=0 ts=1.780264762046598e+09 dml space=276 tuple=[143,"unicode_lt_s2",1,"ICU","lt",{"strength":"secondary"}]
row lsn=146 replica=0 type=INSERT tsn=146 commit=true flags=0x01 group=0 ts=1.780264762046598e+09 dml space=276 tuple=[144,"unicode_lt_s3",1,"ICU","lt",{"strength":"tertiary"}]
row lsn=147 replica=0 type=INSERT tsn=147 commit=true flags=0x01 group=0 ts=1.780264762046598e+09 dml space=276 tuple=[145,"unicode_lv_s1",1,"ICU","lv",{"strength":"primary"}]
row lsn=148 replica=0 type=INSERT tsn=148 commit=true flags=0x01 group=0 ts=1.780264762046598e+09 dml space=276 tuple=[146,"unicode_lv_s2",1,"ICU","lv",{"strength":"secondary"}]
row lsn=149 replica=0 type=INSERT tsn=149 commit=true flags=0x01 group=0 ts=1.780264762046598e+09 dml space=276 tuple=[147,"unicode_lv_s3",1,"ICU","lv",{"strength":"tertiary"}]
row lsn=150 replica=0 type=INSERT tsn=150 commit=true flags=0x01 group=0 ts=1.780264762046598e+09 dml space=276 tuple=[148,"unicode_mk_s1",1,"ICU","mk",{"strength":"primary"}]
row lsn=151 replica=0 type=INSERT tsn=151 commit=true flags=0x01 group=0 ts=1.780264762046598e+09 dml space=276 tuple=[149,"unicode_mk_s2",1,"ICU","mk",{"strength":"secondary"}]
row lsn=152 replica=0 type=INSERT tsn=152 commit=true flags=0x01 group=0 ts=1.780264762046598e+09 dml space=276 tuple=[150,"unicode_mk_s3",1,"ICU","mk",{"strength":"tertiary"}]
row lsn=153 replica=0 type=INSERT tsn=153 commit=true flags=0x01 group=0 ts=1.780264762046598e+09 dml space=276 tuple=[151,"unicode_ml_s1",1,"ICU","ml",{"strength":"primary"}]
row lsn=154 replica=0 type=INSERT tsn=154 commit=true flags=0x01 group=0 ts=1.780264762046598e+09 dml space=276 tuple=[152,"unicode_ml_s2",1,"ICU","ml",{"strength":"secondary"}]
row lsn=155 replica=0 type=INSERT tsn=155 commit=true flags=0x01 group=0 ts=1.780264762046598e+09 dml space=276 tuple=[153,"unicode_ml_s3",1,"ICU","ml",{"strength":"tertiary"}]
row lsn=156 replica=0 type=INSERT tsn=156 commit=true flags=0x01 group=0 ts=1.780264762046598e+09 dml space=276 tuple=[154,"unicode_mr_s1",1,"ICU","mr",{"strength":"primary"}]
row lsn=157 replica=0 type=INSERT tsn=157 commit=true flags=0x01 group=0 ts=1.780264762046598e+09 dml space=276 tuple=[155,"unicode_mr_s2",1,"ICU","mr",{"strength":"secondary"}]
row lsn=158 replica=0 type=INSERT tsn=158 commit=true flags=0x01 group=0 ts=1.780264762046598e+09 dml space=276 tuple=[156,"unicode_mr_s3",1,"ICU","mr",{"strength":"tertiary"}]
row lsn=159 replica=0 type=INSERT tsn=159 commit=true flags=0x01 group=0 ts=1.780264762046598e+09 dml space=276 tuple=[157,"unicode_mt_s1",1,"ICU","mt",{"strength":"primary"}]
row lsn=160 replica=0 type=INSERT tsn=160 commit=true flags=0x01 group=0 ts=1.780264762046598e+09 dml space=276 tuple=[158,"unicode_mt_s2",1,"ICU","mt",{"strength":"secondary"}]
row lsn=161 replica=0 type=INSERT tsn=161 commit=true flags=0x01 group=0 ts=1.780264762046598e+09 dml space=276 tuple=[159,"unicode_mt_s3",1,"ICU","mt",{"strength":"tertiary"}]
row lsn=162 replica=0 type=INSERT tsn=162 commit=true flags=0x01 group=0 ts=1.780264762046598e+09 dml space=276 tuple=[160,"unicode_nb_s1",1,"ICU","nb",{"strength":"primary"}]
row lsn=163 replica=0 type=INSERT tsn=163 commit=true flags=0x01 group=0 ts=1.780264762046598e+09 dml space=276 tuple=[161,"unicode_nb_s2",1,"ICU","nb",{"strength":"secondary"}]
row lsn=164 replica=0 type=INSERT tsn=164 commit=true flags=0x01 group=0 ts=1.780264762046598e+09 dml space=276 tuple=[162,"unicode_nb_s3",1,"ICU","nb",{"strength":"tertiary"}]
row lsn=165 replica=0 type=INSERT tsn=165 commit=true flags=0x01 group=0 ts=1.780264762046598e+09 dml space=276 tuple=[163,"unicode_nn_s1",1,"ICU","nn",{"strength":"primary"}]
row lsn=166 replica=0 type=INSERT tsn=166 commit=true flags=0x01 group=0 ts=1.780264762046598e+09 dml space=276 tuple=[164,"unicode_nn_s2",1,"ICU","nn",{"strength":"secondary"}]
row lsn=167 replica=0 type=INSERT tsn=167 commit=true flags=0x01 group=0 ts=1.780264762046598e+09 dml space=276 tuple=[165,"unicode_nn_s3",1,"ICU","nn",{"strength":"tertiary"}]
row lsn=168 replica=0 type=INSERT tsn=168 commit=true flags=0x01 group=0 ts=1.780264762046598e+09 dml space=276 tuple=[166,"unicode_nso_s1",1,"ICU","nso",{"strength":"primary"}]
row lsn=169 replica=0 type=INSERT tsn=169 commit=true flags=0x01 group=0 ts=1.780264762046598e+09 dml space=276 tuple=[167,"unicode_nso_s2",1,"ICU","nso",{"strength":"secondary"}]
row lsn=170 replica=0 type=INSERT tsn=170 commit=true flags=0x01 group=0 ts=1.780264762046598e+09 dml space=276 tuple=[168,"unicode_nso_s3",1,"ICU","nso",{"strength":"tertiary"}]
row lsn=171 replica=0 type=INSERT tsn=171 commit=true flags=0x01 group=0 ts=1.780264762046598e+09 dml space=276 tuple=[169,"unicode_om_s1",1,"ICU","om",{"strength":"primary"}]
row lsn=172 replica=0 type=INSERT tsn=172 commit=true flags=0x01 group=0 ts=1.780264762046598e+09 dml space=276 tuple=[170,"unicode_om_s2",1,"ICU","om",{"strength":"secondary"}]
row lsn=173 replica=0 type=INSERT tsn=173 commit=true flags=0x01 group=0 ts=1.780264762046598e+09 dml space=276 tuple=[171,"unicode_om_s3",1,"ICU","om",{"strength":"tertiary"}]
row lsn=174 replica=0 type=INSERT tsn=174 commit=true flags=0x01 group=0 ts=1.780264762046598e+09 dml space=276 tuple=[172,"unicode_or_s1",1,"ICU","or",{"strength":"primary"}]
row lsn=175 replica=0 type=INSERT tsn=175 commit=true flags=0x01 group=0 ts=1.780264762046598e+09 dml space=276 tuple=[173,"unicode_or_s2",1,"ICU","or",{"strength":"secondary"}]
row lsn=176 replica=0 type=INSERT tsn=176 commit=true flags=0x01 group=0 ts=1.780264762046598e+09 dml space=276 tuple=[174,"unicode_or_s3",1,"ICU","or",{"strength":"tertiary"}]
row lsn=177 replica=0 type=INSERT tsn=177 commit=true flags=0x01 group=0 ts=1.780264762046598e+09 dml space=276 tuple=[175,"unicode_pa_s1",1,"ICU","pa",{"strength":"primary"}]
row lsn=178 replica=0 type=INSERT tsn=178 commit=true flags=0x01 group=0 ts=1.780264762046598e+09 dml space=276 tuple=[176,"unicode_pa_s2",1,"ICU","pa",{"strength":"secondary"}]
row lsn=179 replica=0 type=INSERT tsn=179 commit=true flags=0x01 group=0 ts=1.780264762046598e+09 dml space=276 tuple=[177,"unicode_pa_s3",1,"ICU","pa",{"strength":"tertiary"}]
row lsn=180 replica=0 type=INSERT tsn=180 commit=true flags=0x01 group=0 ts=1.780264762046598e+09 dml space=276 tuple=[178,"unicode_pl_s1",1,"ICU","pl",{"strength":"primary"}]
row lsn=181 replica=0 type=INSERT tsn=181 commit=true flags=0x01 group=0 ts=1.780264762046598e+09 dml space=276 tuple=[179,"unicode_pl_s2",1,"ICU","pl",{"strength":"secondary"}]
row lsn=182 replica=0 type=INSERT tsn=182 commit=true flags=0x01 group=0 ts=1.780264762046598e+09 dml space=276 tuple=[180,"unicode_pl_s3",1,"ICU","pl",{"strength":"tertiary"}]
row lsn=183 replica=0 type=INSERT tsn=183 commit=true flags=0x01 group=0 ts=1.780264762046598e+09 dml space=276 tuple=[181,"unicode_ro_s1",1,"ICU","ro",{"strength":"primary"}]
row lsn=184 replica=0 type=INSERT tsn=184 commit=true flags=0x01 group=0 ts=1.780264762046598e+09 dml space=276 tuple=[182,"unicode_ro_s2",1,"ICU","ro",{"strength":"secondary"}]
row lsn=185 replica=0 type=INSERT tsn=185 commit=true flags=0x01 group=0 ts=1.780264762046598e+09 dml space=276 tuple=[183,"unicode_ro_s3",1,"ICU","ro",{"strength":"tertiary"}]
row lsn=186 replica=0 type=INSERT tsn=186 commit=true flags=0x01 group=0 ts=1.780264762046598e+09 dml space=276 tuple=[184,"unicode_sa_s1",1,"ICU","sa",{"strength":"primary"}]
row lsn=187 replica=0 type=INSERT tsn=187 commit=true flags=0x01 group=0 ts=1.780264762046598e+09 dml space=276 tuple=[185,"unicode_sa_s2",1,"ICU","sa",{"strength":"secondary"}]
row lsn=188 replica=0 type=INSERT tsn=188 commit=true flags=0x01 group=0 ts=1.780264762046598e+09 dml space=276 tuple=[186,"unicode_sa_s3",1,"ICU","sa",{"strength":"tertiary"}]
row lsn=189 replica=0 type=INSERT tsn=189 commit=true flags=0x01 group=0 ts=1.780264762046598e+09 dml space=276 tuple=[187,"unicode_se_s1",1,"ICU","se",{"strength":"primary"}]
row lsn=190 replica=0 type=INSERT tsn=190 commit=true flags=0x01 group=0 ts=1.780264762046598e+09 dml space=276 tuple=[188,"unicode_se_s2",1,"ICU","se",{"strength":"secondary"}]
row lsn=191 replica=0 type=INSERT tsn=191 commit=true flags=0x01 group=0 ts=1.780264762046598e+09 dml space=276 tuple=[189,"unicode_se_s3",1,"ICU","se",{"strength":"tertiary"}]
row lsn=192 replica=0 type=INSERT tsn=192 commit=true flags=0x01 group=0 ts=1.780264762046598e+09 dml space=276 tuple=[190,"unicode_si_s1",1,"ICU","si",{"strength":"primary"}]
row lsn=193 replica=0 type=INSERT tsn=193 commit=true flags=0x01 group=0 ts=1.780264762046598e+09 dml space=276 tuple=[191,"unicode_si_s2",1,"ICU","si",{"strength":"secondary"}]
row lsn=194 replica=0 type=INSERT tsn=194 commit=true flags=0x01 group=0 ts=1.780264762046598e+09 dml space=276 tuple=[192,"unicode_si_s3",1,"ICU","si",{"strength":"tertiary"}]
row lsn=195 replica=0 type=INSERT tsn=195 commit=true flags=0x01 group=0 ts=1.780264762046598e+09 dml space=276 tuple=[193,"unicode_si__dictionary_s1",1,"ICU","si_u_co_dict",{"strength":"primary"}]
row lsn=196 replica=0 type=INSERT tsn=196 commit=true flags=0x01 group=0 ts=1.780264762046598e+09 dml space=276 tuple=[194,"unicode_si__dictionary_s2",1,"ICU","si_u_co_dict",{"strength":"secondary"}]
row lsn=197 replica=0 type=INSERT tsn=197 commit=true flags=0x01 group=0 ts=1.780264762046598e+09 dml space=276 tuple=[195,"unicode_si__dictionary_s3",1,"ICU","si_u_co_dict",{"strength":"tertiary"}]
row lsn=198 replica=0 type=INSERT tsn=198 commit=true flags=0x01 group=0 ts=1.780264762046598e+09 dml space=276 tuple=[196,"unicode_sk_s1",1,"ICU","sk",{"strength":"primary"}]
row lsn=199 replica=0 type=INSERT tsn=199 commit=true flags=0x01 group=0 ts=1.780264762046598e+09 dml space=276 tuple=[197,"unicode_sk_s2",1,"ICU","sk",{"strength":"secondary"}]
row lsn=200 replica=0 type=INSERT tsn=200 commit=true flags=0x01 group=0 ts=1.780264762046598e+09 dml space=276 tuple=[198,"unicode_sk_s3",1,"ICU","sk",{"strength":"tertiary"}]
row lsn=201 replica=0 type=INSERT tsn=201 commit=true flags=0x01 group=0 ts=1.780264762046598e+09 dml space=276 tuple=[199,"unicode_sl_s1",1,"ICU","sl",{"strength":"primary"}]
row lsn=202 replica=0 type=INSERT tsn=202 commit=true flags=0x01 group=0 ts=1.780264762046598e+09 dml space=276 tuple=[200,"unicode_sl_s2",1,"ICU","sl",{"strength":"secondary"}]
row lsn=203 replica=0 type=INSERT tsn=203 commit=true flags=0x01 group=0 ts=1.780264762046598e+09 dml space=276 tuple=[201,"unicode_sl_s3",1,"ICU","sl",{"strength":"tertiary"}]
row lsn=204 replica=0 type=INSERT tsn=204 commit=true flags=0x01 group=0 ts=1.780264762046598e+09 dml space=276 tuple=[202,"unicode_sq_s1",1,"ICU","sq",{"strength":"primary"}]
row lsn=205 replica=0 type=INSERT tsn=205 commit=true flags=0x01 group=0 ts=1.780264762046598e+09 dml space=276 tuple=[203,"unicode_sq_s2",1,"ICU","sq",{"strength":"secondary"}]
row lsn=206 replica=0 type=INSERT tsn=206 commit=true flags=0x01 group=0 ts=1.780264762046598e+09 dml space=276 tuple=[204,"unicode_sq_s3",1,"ICU","sq",{"strength":"tertiary"}]
row lsn=207 replica=0 type=INSERT tsn=207 commit=true flags=0x01 group=0 ts=1.780264762046598e+09 dml space=276 tuple=[205,"unicode_sr_s1",1,"ICU","sr",{"strength":"primary"}]
row lsn=208 replica=0 type=INSERT tsn=208 commit=true flags=0x01 group=0 ts=1.780264762046598e+09 dml space=276 tuple=[206,"unicode_sr_s2",1,"ICU","sr",{"strength":"secondary"}]
row lsn=209 replica=0 type=INSERT tsn=209 commit=true flags=0x01 group=0 ts=1.780264762046598e+09 dml space=276 tuple=[207,"unicode_sr_s3",1,"ICU","sr",{"strength":"tertiary"}]
row lsn=210 replica=0 type=INSERT tsn=210 commit=true flags=0x01 group=0 ts=1.780264762046598e+09 dml space=276 tuple=[208,"unicode_sr_Latn_s1",1,"ICU","sr_Latn",{"strength":"primary"}]
row lsn=211 replica=0 type=INSERT tsn=211 commit=true flags=0x01 group=0 ts=1.780264762046598e+09 dml space=276 tuple=[209,"unicode_sr_Latn_s2",1,"ICU","sr_Latn",{"strength":"secondary"}]
row lsn=212 replica=0 type=INSERT tsn=212 commit=true flags=0x01 group=0 ts=1.780264762046598e+09 dml space=276 tuple=[210,"unicode_sr_Latn_s3",1,"ICU","sr_Latn",{"strength":"tertiary"}]
row lsn=213 replica=0 type=INSERT tsn=213 commit=true flags=0x01 group=0 ts=1.780264762046598e+09 dml space=276 tuple=[211,"unicode_sv_s1",1,"ICU","sv",{"strength":"primary"}]
row lsn=214 replica=0 type=INSERT tsn=214 commit=true flags=0x01 group=0 ts=1.780264762046598e+09 dml space=276 tuple=[212,"unicode_sv_s2",1,"ICU","sv",{"strength":"secondary"}]
row lsn=215 replica=0 type=INSERT tsn=215 commit=true flags=0x01 group=0 ts=1.780264762046598e+09 dml space=276 tuple=[213,"unicode_sv_s3",1,"ICU","sv",{"strength":"tertiary"}]
row lsn=216 replica=0 type=INSERT tsn=216 commit=true flags=0x01 group=0 ts=1.780264762046598e+09 dml space=276 tuple=[214,"unicode_sv__reformed_s1",1,"ICU","sv_u_co_reformed",{"strength":"primary"}]
row lsn=217 replica=0 type=INSERT tsn=217 commit=true flags=0x01 group=0 ts=1.780264762046598e+09 dml space=276 tuple=[215,"unicode_sv__reformed_s2",1,"ICU","sv_u_co_reformed",{"strength":"secondary"}]
row lsn=218 replica=0 type=INSERT tsn=218 commit=true flags=0x01 group=0 ts=1.780264762046598e+09 dml space=276 tuple=[216,"unicode_sv__reformed_s3",1,"ICU","sv_u_co_reformed",{"strength":"tertiary"}]
row lsn=219 replica=0 type=INSERT tsn=219 commit=true flags=0x01 group=0 ts=1.780264762046598e+09 dml space=276 tuple=[217,"unicode_ta_s1",1,"ICU","ta",{"strength":"primary"}]
row lsn=220 replica=0 type=INSERT tsn=220 commit=true flags=0x01 group=0 ts=1.780264762046598e+09 dml space=276 tuple=[218,"unicode_ta_s2",1,"ICU","ta",{"strength":"secondary"}]
row lsn=221 replica=0 type=INSERT tsn=221 commit=true flags=0x01 group=0 ts=1.780264762046598e+09 dml space=276 tuple=[219,"unicode_ta_s3",1,"ICU","ta",{"strength":"tertiary"}]
row lsn=222 replica=0 type=INSERT tsn=222 commit=true flags=0x01 group=0 ts=1.780264762046598e+09 dml space=276 tuple=[220,"unicode_te_s1",1,"ICU","te",{"strength":"primary"}]
row lsn=223 replica=0 type=INSERT tsn=223 commit=true flags=0x01 group=0 ts=1.780264762046598e+09 dml space=276 tuple=[221,"unicode_te_s2",1,"ICU","te",{"strength":"secondary"}]
row lsn=224 replica=0 type=INSERT tsn=224 commit=true flags=0x01 group=0 ts=1.780264762046598e+09 dml space=276 tuple=[222,"unicode_te_s3",1,"ICU","te",{"strength":"tertiary"}]
row lsn=225 replica=0 type=INSERT tsn=225 commit=true flags=0x01 group=0 ts=1.780264762046598e+09 dml space=276 tuple=[223,"unicode_th_s1",1,"ICU","th",{"strength":"primary"}]
row lsn=226 replica=0 type=INSERT tsn=226 commit=true flags=0x01 group=0 ts=1.780264762046598e+09 dml space=276 tuple=[224,"unicode_th_s2",1,"ICU","th",{"strength":"secondary"}]
row lsn=227 replica=0 type=INSERT tsn=227 commit=true flags=0x01 group=0 ts=1.780264762046598e+09 dml space=276 tuple=[225,"unicode_th_s3",1,"ICU","th",{"strength":"tertiary"}]
row lsn=228 replica=0 type=INSERT tsn=228 commit=true flags=0x01 group=0 ts=1.780264762046598e+09 dml space=276 tuple=[226,"unicode_tn_s1",1,"ICU","tn",{"strength":"primary"}]
row lsn=229 replica=0 type=INSERT tsn=229 commit=true flags=0x01 group=0 ts=1.780264762046598e+09 dml space=276 tuple=[227,"unicode_tn_s2",1,"ICU","tn",{"strength":"secondary"}]
row lsn=230 replica=0 type=INSERT tsn=230 commit=true flags=0x01 group=0 ts=1.780264762046598e+09 dml space=276 tuple=[228,"unicode_tn_s3",1,"ICU","tn",{"strength":"tertiary"}]
row lsn=231 replica=0 type=INSERT tsn=231 commit=true flags=0x01 group=0 ts=1.780264762046598e+09 dml space=276 tuple=[229,"unicode_to_s1",1,"ICU","to",{"strength":"primary"}]
row lsn=232 replica=0 type=INSERT tsn=232 commit=true flags=0x01 group=0 ts=1.780264762046598e+09 dml space=276 tuple=[230,"unicode_to_s2",1,"ICU","to",{"strength":"secondary"}]
row lsn=233 replica=0 type=INSERT tsn=233 commit=true flags=0x01 group=0 ts=1.780264762046598e+09 dml space=276 tuple=[231,"unicode_to_s3",1,"ICU","to",{"strength":"tertiary"}]
row lsn=234 replica=0 type=INSERT tsn=234 commit=true flags=0x01 group=0 ts=1.780264762046598e+09 dml space=276 tuple=[232,"unicode_tr_s1",1,"ICU","tr",{"strength":"primary"}]
row lsn=235 replica=0 type=INSERT tsn=235 commit=true flags=0x01 group=0 ts=1.780264762046598e+09 dml space=276 tuple=[233,"unicode_tr_s2",1,"ICU","tr",{"strength":"secondary"}]
row lsn=236 replica=0 type=INSERT tsn=236 commit=true flags=0x01 group=0 ts=1.780264762046598e+09 dml space=276 tuple=[234,"unicode_tr_s3",1,"ICU","tr",{"strength":"tertiary"}]
row lsn=237 replica=0 type=INSERT tsn=237 commit=true flags=0x01 group=0 ts=1.780264762046598e+09 dml space=276 tuple=[235,"unicode_ug_Cyrl_s1",1,"ICU","ug",{"strength":"primary"}]
row lsn=238 replica=0 type=INSERT tsn=238 commit=true flags=0x01 group=0 ts=1.780264762046598e+09 dml space=276 tuple=[236,"unicode_ug_Cyrl_s2",1,"ICU","ug",{"strength":"secondary"}]
row lsn=239 replica=0 type=INSERT tsn=239 commit=true flags=0x01 group=0 ts=1.780264762046598e+09 dml space=276 tuple=[237,"unicode_ug_Cyrl_s3",1,"ICU","ug",{"strength":"tertiary"}]
row lsn=240 replica=0 type=INSERT tsn=240 commit=true flags=0x01 group=0 ts=1.780264762046598e+09 dml space=276 tuple=[238,"unicode_uk_s1",1,"ICU","uk",{"strength":"primary"}]
row lsn=241 replica=0 type=INSERT tsn=241 commit=true flags=0x01 group=0 ts=1.780264762046598e+09 dml space=276 tuple=[239,"unicode_uk_s2",1,"ICU","uk",{"strength":"secondary"}]
row lsn=242 replica=0 type=INSERT tsn=242 commit=true flags=0x01 group=0 ts=1.780264762046598e+09 dml space=276 tuple=[240,"unicode_uk_s3",1,"ICU","uk",{"strength":"tertiary"}]
row lsn=243 replica=0 type=INSERT tsn=243 commit=true flags=0x01 group=0 ts=1.780264762046598e+09 dml space=276 tuple=[241,"unicode_ur_s1",1,"ICU","ur",{"strength":"primary"}]
row lsn=244 replica=0 type=INSERT tsn=244 commit=true flags=0x01 group=0 ts=1.780264762046598e+09 dml space=276 tuple=[242,"unicode_ur_s2",1,"ICU","ur",{"strength":"secondary"}]
row lsn=245 replica=0 type=INSERT tsn=245 commit=true flags=0x01 group=0 ts=1.780264762046598e+09 dml space=276 tuple=[243,"unicode_ur_s3",1,"ICU","ur",{"strength":"tertiary"}]
row lsn=246 replica=0 type=INSERT tsn=246 commit=true flags=0x01 group=0 ts=1.780264762046598e+09 dml space=276 tuple=[244,"unicode_vi_s1",1,"ICU","vi",{"strength":"primary"}]
row lsn=247 replica=0 type=INSERT tsn=247 commit=true flags=0x01 group=0 ts=1.780264762046598e+09 dml space=276 tuple=[245,"unicode_vi_s2",1,"ICU","vi",{"strength":"secondary"}]
row lsn=248 replica=0 type=INSERT tsn=248 commit=true flags=0x01 group=0 ts=1.780264762046598e+09 dml space=276 tuple=[246,"unicode_vi_s3",1,"ICU","vi",{"strength":"tertiary"}]
row lsn=249 replica=0 type=INSERT tsn=249 commit=true flags=0x01 group=0 ts=1.780264762046598e+09 dml space=276 tuple=[247,"unicode_vo_s1",1,"ICU","vo",{"strength":"primary"}]
row lsn=250 replica=0 type=INSERT tsn=250 commit=true flags=0x01 group=0 ts=1.780264762046598e+09 dml space=276 tuple=[248,"unicode_vo_s2",1,"ICU","vo",{"strength":"secondary"}]
row lsn=251 replica=0 type=INSERT tsn=251 commit=true flags=0x01 group=0 ts=1.780264762046598e+09 dml space=276 tuple=[249,"unicode_vo_s3",1,"ICU","vo",{"strength":"tertiary"}]
row lsn=252 replica=0 type=INSERT tsn=252 commit=true flags=0x01 group=0 ts=1.780264762046598e+09 dml space=276 tuple=[250,"unicode_wae_s1",1,"ICU","wae",{"strength":"primary"}]
row lsn=253 replica=0 type=INSERT tsn=253 commit=true flags=0x01 group=0 ts=1.780264762046598e+09 dml space=276 tuple=[251,"unicode_wae_s2",1,"ICU","wae",{"strength":"secondary"}]
row lsn=254 replica=0 type=INSERT tsn=254 commit=true flags=0x01 group=0 ts=1.780264762046598e+09 dml space=276 tuple=[252,"unicode_wae_s3",1,"ICU","wae",{"strength":"tertiary"}]
row lsn=255 replica=0 type=INSERT tsn=255 commit=true flags=0x01 group=0 ts=1.780264762046598e+09 dml space=276 tuple=[253,"unicode_wo_s1",1,"ICU","wo",{"strength":"primary"}]
row lsn=256 replica=0 type=INSERT tsn=256 commit=true flags=0x01 group=0 ts=1.780264762046598e+09 dml space=276 tuple=[254,"unicode_wo_s2",1,"ICU","wo",{"strength":"secondary"}]
row lsn=257 replica=0 type=INSERT tsn=257 commit=true flags=0x01 group=0 ts=1.780264762046598e+09 dml space=276 tuple=[255,"unicode_wo_s3",1,"ICU","wo",{"strength":"tertiary"}]
row lsn=258 replica=0 type=INSERT tsn=258 commit=true flags=0x01 group=0 ts=1.780264762046598e+09 dml space=276 tuple=[256,"unicode_yo_s1",1,"ICU","yo",{"strength":"primary"}]
row lsn=259 replica=0 type=INSERT tsn=259 commit=true flags=0x01 group=0 ts=1.780264762046598e+09 dml space=276 tuple=[257,"unicode_yo_s2",1,"ICU","yo",{"strength":"secondary"}]
row lsn=260 replica=0 type=INSERT tsn=260 commit=true flags=0x01 group=0 ts=1.780264762046598e+09 dml space=276 tuple=[258,"unicode_yo_s3",1,"ICU","yo",{"strength":"tertiary"}]
row lsn=261 replica=0 type=INSERT tsn=261 commit=true flags=0x01 group=0 ts=1.780264762046598e+09 dml space=276 tuple=[259,"unicode_zh_s1",1,"ICU","zh",{"strength":"primary"}]
row lsn=262 replica=0 type=INSERT tsn=262 commit=true flags=0x01 group=0 ts=1.780264762046598e+09 dml space=276 tuple=[260,"unicode_zh_s2",1,"ICU","zh",{"strength":"secondary"}]
row lsn=263 replica=0 type=INSERT tsn=263 commit=true flags=0x01 group=0 ts=1.780264762046598e+09 dml space=276 tuple=[261,"unicode_zh_s3",1,"ICU","zh",{"strength":"tertiary"}]
row lsn=264 replica=0 type=INSERT tsn=264 commit=true flags=0x01 group=0 ts=1.780264762046598e+09 dml space=276 tuple=[262,"unicode_zh__big5han_s1",1,"ICU","zh_u_co_big5han",{"strength":"primary"}]
row lsn=265 replica=0 type=INSERT tsn=265 commit=true flags=0x01 group=0 ts=1.780264762046598e+09 dml space=276 tuple=[263,"unicode_zh__big5han_s2",1,"ICU","zh_u_co_big5han",{"strength":"secondary"}]
row lsn=266 replica=0 type=INSERT tsn=266 commit=true flags=0x01 group=0 ts=1.780264762046598e+09 dml space=276 tuple=[264,"unicode_zh__big5han_s3",1,"ICU","zh_u_co_big5han",{"strength":"tertiary"}]
row lsn=267 replica=0 type=INSERT tsn=267 commit=true flags=0x01 group=0 ts=1.780264762046598e+09 dml space=276 tuple=[265,"unicode_zh__gb2312han_s1",1,"ICU","zh_u_co_gb2312",{"strength":"primary"}]
row lsn=268 replica=0 type=INSERT tsn=268 commit=true flags=0x01 group=0 ts=1.780264762046598e+09 dml space=276 tuple=[266,"unicode_zh__gb2312han_s2",1,"ICU","zh_u_co_gb2312",{"strength":"secondary"}]
row lsn=269 replica=0 type=INSERT tsn=269 commit=true flags=0x01 group=0 ts=1.780264762046598e+09 dml space=276 tuple=[267,"unicode_zh__gb2312han_s3",1,"ICU","zh_u_co_gb2312",{"strength":"tertiary"}]
row lsn=270 replica=0 type=INSERT tsn=270 commit=true flags=0x01 group=0 ts=1.780264762046598e+09 dml space=276 tuple=[268,"unicode_zh__pinyin_s1",1,"ICU","zh_u_co_pinyin",{"strength":"primary"}]
row lsn=271 replica=0 type=INSERT tsn=271 commit=true flags=0x01 group=0 ts=1.780264762046598e+09 dml space=276 tuple=[269,"unicode_zh__pinyin_s2",1,"ICU","zh_u_co_pinyin",{"strength":"secondary"}]
row lsn=272 replica=0 type=INSERT tsn=272 commit=true flags=0x01 group=0 ts=1.780264762046598e+09 dml space=276 tuple=[270,"unicode_zh__pinyin_s3",1,"ICU","zh_u_co_pinyin",{"strength":"tertiary"}]
row lsn=273 replica=0 type=INSERT tsn=273 commit=true flags=0x01 group=0 ts=1.780264762046598e+09 dml space=276 tuple=[271,"unicode_zh__stroke_s1",1,"ICU","zh_u_co_stroke",{"strength":"primary"}]
row lsn=274 replica=0 type=INSERT tsn=274 commit=true flags=0x01 group=0 ts=1.780264762046598e+09 dml space=276 tuple=[272,"unicode_zh__stroke_s2",1,"ICU","zh_u_co_stroke",{"strength":"secondary"}]
row lsn=275 replica=0 type=INSERT tsn=275 commit=true flags=0x01 group=0 ts=1.780264762046598e+09 dml space=276 tuple=[273,"unicode_zh__stroke_s3",1,"ICU","zh_u_co_stroke",{"strength":"tertiary"}]
row lsn=276 replica=0 type=INSERT tsn=276 commit=true flags=0x01 group=0 ts=1.780264762046598e+09 dml space=276 tuple=[274,"unicode_zh__zhuyin_s1",1,"ICU","zh_u_co_zhuyin",{"strength":"primary"}]
row lsn=277 replica=0 type=INSERT tsn=277 commit=true flags=0x01 group=0 ts=1.780264762046598e+09 dml space=276 tuple=[275,"unicode_zh__zhuyin_s2",1,"ICU","zh_u_co_zhuyin",{"strength":"secondary"}]
row lsn=278 replica=0 type=INSERT tsn=278 commit=true flags=0x01 group=0 ts=1.780264762046598e+09 dml space=276 tuple=[276,"unicode_zh__zhuyin_s3",1,"ICU","zh_u_co_zhuyin",{"strength":"tertiary"}]
row lsn=279 replica=0 type=INSERT tsn=279 commit=true flags=0x01 group=0 ts=1.780264762046598e+09 dml space=280 tuple=[257,1,"_vinyl_deferred_delete","blackhole",0,{"group_id":1},[{"name":"space_id","type":"unsigned"},{"name":"lsn","type":"unsigned"},{"name":"tuple","type":"array"}]]
row lsn=280 replica=0 type=INSERT tsn=280 commit=true flags=0x01 group=0 ts=1.780264762046598e+09 dml space=280 tuple=[272,1,"_schema","memtx",0,{},[{"name":"key","type":"string"},{"is_nullable":true,"name":"value","type":"any"}]]
row lsn=281 replica=0 type=INSERT tsn=281 commit=true flags=0x01 group=0 ts=1.780264762046598e+09 dml space=280 tuple=[276,1,"_collation","memtx",0,{},[{"name":"id","type":"unsigned"},{"name":"name","type":"string"},{"name":"owner","type":"unsigned"},{"name":"type","type":"string"},{"name":"locale","type":"string"},{"name":"opts","type":"map"}]]
row lsn=282 replica=0 type=INSERT tsn=282 commit=true flags=0x01 group=0 ts=1.780264762046598e+09 dml space=280 tuple=[277,1,"_vcollation","sysview",0,{},[{"name":"id","type":"unsigned"},{"name":"name","type":"string"},{"name":"owner","type":"unsigned"},{"name":"type","type":"string"},{"name":"locale","type":"string"},{"name":"opts","type":"map"}]]
row lsn=283 replica=0 type=INSERT tsn=283 commit=true flags=0x01 group=0 ts=1.780264762046598e+09 dml space=280 tuple=[280,1,"_space","memtx",0,{},[{"name":"id","type":"unsigned"},{"name":"owner","type":"unsigned"},{"name":"name","type":"string"},{"name":"engine","type":"string"},{"name":"field_count","type":"unsigned"},{"name":"flags","type":"map"},{"name":"format","type":"array"}]]
row lsn=284 replica=0 type=INSERT tsn=284 commit=true flags=0x01 group=0 ts=1.780264762046598e+09 dml space=280 tuple=[281,1,"_vspace","sysview",0,{},[{"name":"id","type":"unsigned"},{"name":"owner","type":"unsigned"},{"name":"name","type":"string"},{"name":"engine","type":"string"},{"name":"field_count","type":"unsigned"},{"name":"flags","type":"map"},{"name":"format","type":"array"}]]
row lsn=285 replica=0 type=INSERT tsn=285 commit=true flags=0x01 group=0 ts=1.780264762046598e+09 dml space=280 tuple=[284,1,"_sequence","memtx",0,{},[{"name":"id","type":"unsigned"},{"name":"owner","type":"unsigned"},{"name":"name","type":"string"},{"name":"step","type":"integer"},{"name":"min","type":"integer"},{"name":"max","type":"integer"},{"name":"start","type":"integer"},{"name":"cache","type":"integer"},{"name":"cycle","type":"boolean"}]]
row lsn=286 replica=0 type=INSERT tsn=286 commit=true flags=0x01 group=0 ts=1.780264762046598e+09 dml space=280 tuple=[285,1,"_sequence_data","memtx",0,{},[{"name":"id","type":"unsigned"},{"name":"value","type":"integer"}]]
row lsn=287 replica=0 type=INSERT tsn=287 commit=true flags=0x01 group=0 ts=1.780264762046598e+09 dml space=280 tuple=[286,1,"_vsequence","sysview",0,{},[{"name":"id","type":"unsigned"},{"name":"owner","type":"unsigned"},{"name":"name","type":"string"},{"name":"step","type":"integer"},{"name":"min","type":"integer"},{"name":"max","type":"integer"},{"name":"start","type":"integer"},{"name":"cache","type":"integer"},{"name":"cycle","type":"boolean"}]]
row lsn=288 replica=0 type=INSERT tsn=288 commit=true flags=0x01 group=0 ts=1.780264762046598e+09 dml space=280 tuple=[288,1,"_index","memtx",0,{},[{"name":"id","type":"unsigned"},{"name":"iid","type":"unsigned"},{"name":"name","type":"string"},{"name":"type","type":"string"},{"name":"opts","type":"map"},{"name":"parts","type":"array"}]]
row lsn=289 replica=0 type=INSERT tsn=289 commit=true flags=0x01 group=0 ts=1.780264762046598e+09 dml space=280 tuple=[289,1,"_vindex","sysview",0,{},[{"name":"id","type":"unsigned"},{"name":"iid","type":"unsigned"},{"name":"name","type":"string"},{"name":"type","type":"string"},{"name":"opts","type":"map"},{"name":"parts","type":"array"}]]
row lsn=290 replica=0 type=INSERT tsn=290 commit=true flags=0x01 group=0 ts=1.780264762046598e+09 dml space=280 tuple=[296,1,"_func","memtx",0,{},[{"name":"id","type":"unsigned"},{"name":"owner","type":"unsigned"},{"name":"name","type":"string"},{"name":"setuid","type":"unsigned"},{"name":"language","type":"string"},{"name":"body","type":"string"},{"name":"routine_type","type":"string"},{"name":"param_list","type":"array"},{"name":"returns","type":"string"},{"name":"aggregate","type":"string"},{"name":"sql_data_access","type":"string"},{"name":"is_deterministic","type":"boolean"},{"name":"is_sandboxed","type":"boolean"},{"name":"is_null_call","type":"boolean"},{"name":"exports","type":"array"},{"name":"opts","type":"map"},{"name":"comment","type":"string"},{"name":"created","type":"string"},{"name":"last_altered","type":"string"},{"name":"trigger","type":"array"}]]
row lsn=291 replica=0 type=INSERT tsn=291 commit=true flags=0x01 group=0 ts=1.780264762046598e+09 dml space=280 tuple=[297,1,"_vfunc","sysview",0,{},[{"name":"id","type":"unsigned"},{"name":"owner","type":"unsigned"},{"name":"name","type":"string"},{"name":"setuid","type":"unsigned"},{"name":"language","type":"string"},{"name":"body","type":"string"},{"name":"routine_type","type":"string"},{"name":"param_list","type":"array"},{"name":"returns","type":"string"},{"name":"aggregate","type":"string"},{"name":"sql_data_access","type":"string"},{"name":"is_deterministic","type":"boolean"},{"name":"is_sandboxed","type":"boolean"},{"name":"is_null_call","type":"boolean"},{"name":"exports","type":"array"},{"name":"opts","type":"map"},{"name":"comment","type":"string"},{"name":"created","type":"string"},{"name":"last_altered","type":"string"},{"name":"trigger","type":"array"}]]
row lsn=292 replica=0 type=INSERT tsn=292 commit=true flags=0x01 group=0 ts=1.780264762046598e+09 dml space=280 tuple=[304,1,"_user","memtx",0,{},[{"name":"id","type":"unsigned"},{"name":"owner","type":"unsigned"},{"name":"name","type":"string"},{"name":"type","type":"string"},{"name":"auth","type":"map"},{"name":"auth_history","type":"array"},{"name":"last_modified","type":"unsigned"}]]
row lsn=293 replica=0 type=INSERT tsn=293 commit=true flags=0x01 group=0 ts=1.780264762046598e+09 dml space=280 tuple=[305,1,"_vuser","sysview",0,{},[{"name":"id","type":"unsigned"},{"name":"owner","type":"unsigned"},{"name":"name","type":"string"},{"name":"type","type":"string"},{"name":"auth","type":"map"},{"name":"auth_history","type":"array"},{"name":"last_modified","type":"unsigned"}]]
row lsn=294 replica=0 type=INSERT tsn=294 commit=true flags=0x01 group=0 ts=1.780264762046598e+09 dml space=280 tuple=[312,1,"_priv","memtx",0,{},[{"name":"grantor","type":"unsigned"},{"name":"grantee","type":"unsigned"},{"name":"object_type","type":"string"},{"name":"object_id","type":"scalar"},{"name":"privilege","type":"unsigned"}]]
row lsn=295 replica=0 type=INSERT tsn=295 commit=true flags=0x01 group=0 ts=1.780264762046598e+09 dml space=280 tuple=[313,1,"_vpriv","sysview",0,{},[{"name":"grantor","type":"unsigned"},{"name":"grantee","type":"unsigned"},{"name":"object_type","type":"string"},{"name":"object_id","type":"scalar"},{"name":"privilege","type":"unsigned"}]]
row lsn=296 replica=0 type=INSERT tsn=296 commit=true flags=0x01 group=0 ts=1.780264762046598e+09 dml space=280 tuple=[320,1,"_cluster","memtx",0,{},[{"name":"id","type":"unsigned"},{"name":"uuid","type":"string"},{"is_nullable":true,"name":"name","type":"string"}]]
row lsn=297 replica=0 type=INSERT tsn=297 commit=true flags=0x01 group=0 ts=1.780264762046598e+09 dml space=280 tuple=[328,1,"_trigger","memtx",0,{},[{"name":"name","type":"string"},{"name":"space_id","type":"unsigned"},{"name":"opts","type":"map"}]]
row lsn=298 replica=0 type=INSERT tsn=298 commit=true flags=0x01 group=0 ts=1.780264762046598e+09 dml space=280 tuple=[330,1,"_truncate","memtx",0,{},[{"name":"id","type":"unsigned"},{"name":"count","type":"unsigned"}]]
row lsn=299 replica=0 type=INSERT tsn=299 commit=true flags=0x01 group=0 ts=1.780264762046598e+09 dml space=280 tuple=[340,1,"_space_sequence","memtx",0,{},[{"name":"id","type":"unsigned"},{"name":"sequence_id","type":"unsigned"},{"name":"is_generated","type":"boolean"},{"name":"field","type":"unsigned"},{"name":"path","type":"string"}]]
row lsn=300 replica=0 type=INSERT tsn=300 commit=true flags=0x01 group=0 ts=1.780264762046598e+09 dml space=280 tuple=[341,1,"_vspace_sequence","sysview",0,{},[{"name":"id","type":"unsigned"},{"name":"sequence_id","type":"unsigned"},{"name":"is_generated","type":"boolean"},{"name":"field","type":"unsigned"},{"name":"path","type":"string"}]]
row lsn=301 replica=0 type=INSERT tsn=301 commit=true flags=0x01 group=0 ts=1.780264762046598e+09 dml space=280 tuple=[356,1,"_fk_constraint","memtx",0,{},[{"name":"name","type":"string"},{"name":"child_id","type":"unsigned"},{"name":"parent_id","type":"unsigned"},{"name":"is_deferred","type":"boolean"},{"name":"match","type":"string"},{"name":"on_delete","type":"string"},{"name":"on_update","type":"string"},{"name":"child_cols","type":"array"},{"name":"parent_cols","type":"array"}]]
row lsn=302 replica=0 type=INSERT tsn=302 commit=true flags=0x01 group=0 ts=1.780264762046598e+09 dml space=280 tuple=[364,1,"_ck_constraint","memtx",0,{},[{"name":"space_id","type":"unsigned"},{"name":"name","type":"string"},{"name":"is_deferred","type":"boolean"},{"name":"language","type":"str"},{"name":"code","type":"str"},{"name":"is_enabled","type":"boolean"}]]
row lsn=303 replica=0 type=INSERT tsn=303 commit=true flags=0x01 group=0 ts=1.780264762046598e+09 dml space=280 tuple=[372,1,"_func_index","memtx",0,{},[{"name":"space_id","type":"unsigned"},{"name":"index_id","type":"unsigned"},{"name":"func_id","type":"unsigned"}]]
row lsn=304 replica=0 type=INSERT tsn=304 commit=true flags=0x01 group=0 ts=1.780264762046598e+09 dml space=280 tuple=[380,1,"_session_settings","service",2,{"temporary":true},[{"name":"name","type":"string"},{"name":"value","type":"any"}]]
row lsn=305 replica=0 type=INSERT tsn=305 commit=true flags=0x01 group=0 ts=1.780264762046598e+09 dml space=280 tuple=[388,1,"_gc_consumers","memtx",0,{"group_id":1},[{"name":"uuid","type":"string"},{"name":"vclock","type":"map"},{"name":"opts","type":"map"}]]
row lsn=306 replica=0 type=INSERT tsn=306 commit=true flags=0x01 group=0 ts=1.780264762046598e+09 dml space=288 tuple=[272,0,"primary","tree",{"unique":true},[[0,"string"]]]
row lsn=307 replica=0 type=INSERT tsn=307 commit=true flags=0x01 group=0 ts=1.780264762046598e+09 dml space=288 tuple=[276,0,"primary","tree",{"unique":true},[[0,"unsigned"]]]
row lsn=308 replica=0 type=INSERT tsn=308 commit=true flags=0x01 group=0 ts=1.780264762046598e+09 dml space=288 tuple=[276,1,"name","tree",{"unique":true},[[1,"string"]]]
row lsn=309 replica=0 type=INSERT tsn=309 commit=true flags=0x01 group=0 ts=1.780264762046598e+09 dml space=288 tuple=[277,0,"primary","tree",{"unique":true},[[0,"unsigned"]]]
row lsn=310 replica=0 type=INSERT tsn=310 commit=true flags=0x01 group=0 ts=1.780264762046598e+09 dml space=288 tuple=[277,1,"name","tree",{"unique":true},[[1,"string"]]]
row lsn=311 replica=0 type=INSERT tsn=311 commit=true flags=0x01 group=0 ts=1.780264762046598e+09 dml space=288 tuple=[280,0,"primary","tree",{"unique":true},[[0,"unsigned"]]]
row lsn=312 replica=0 type=INSERT tsn=312 commit=true flags=0x01 group=0 ts=1.780264762046598e+09 dml space=288 tuple=[280,1,"owner","tree",{"unique":false},[[1,"unsigned"]]]
row lsn=313 replica=0 type=INSERT tsn=313 commit=true flags=0x01 group=0 ts=1.780264762046598e+09 dml space=288 tuple=[280,2,"name","tree",{"unique":true},[[2,"string"]]]
row lsn=314 replica=0 type=INSERT tsn=314 commit=true flags=0x01 group=0 ts=1.780264762046598e+09 dml space=288 tuple=[281,0,"primary","tree",{"unique":true},[[0,"unsigned"]]]
row lsn=315 replica=0 type=INSERT tsn=315 commit=true flags=0x01 group=0 ts=1.780264762046598e+09 dml space=288 tuple=[281,1,"owner","tree",{"unique":false},[[1,"unsigned"]]]
row lsn=316 replica=0 type=INSERT tsn=316 commit=true flags=0x01 group=0 ts=1.780264762046598e+09 dml space=288 tuple=[281,2,"name","tree",{"unique":true},[[2,"string"]]]
row lsn=317 replica=0 type=INSERT tsn=317 commit=true flags=0x01 group=0 ts=1.780264762046598e+09 dml space=288 tuple=[284,0,"primary","tree",{"unique":true},[[0,"unsigned"]]]
row lsn=318 replica=0 type=INSERT tsn=318 commit=true flags=0x01 group=0 ts=1.780264762046598e+09 dml space=288 tuple=[284,1,"owner","tree",{"unique":false},[[1,"unsigned"]]]
row lsn=319 replica=0 type=INSERT tsn=319 commit=true flags=0x01 group=0 ts=1.780264762046598e+09 dml space=288 tuple=[284,2,"name","tree",{"unique":true},[[2,"string"]]]
row lsn=320 replica=0 type=INSERT tsn=320 commit=true flags=0x01 group=0 ts=1.780264762046598e+09 dml space=288 tuple=[285,0,"primary","hash",{"unique":true},[[0,"unsigned"]]]
row lsn=321 replica=0 type=INSERT tsn=321 commit=true flags=0x01 group=0 ts=1.780264762046598e+09 dml space=288 tuple=[286,0,"primary","tree",{"unique":true},[[0,"unsigned"]]]
row lsn=322 replica=0 type=INSERT tsn=322 commit=true flags=0x01 group=0 ts=1.780264762046598e+09 dml space=288 tuple=[286,1,"owner","tree",{"unique":false},[[1,"unsigned"]]]
row lsn=323 replica=0 type=INSERT tsn=323 commit=true flags=0x01 group=0 ts=1.780264762046598e+09 dml space=288 tuple=[286,2,"name","tree",{"unique":true},[[2,"string"]]]
row lsn=324 replica=0 type=INSERT tsn=324 commit=true flags=0x01 group=0 ts=1.780264762046598e+09 dml space=288 tuple=[288,0,"primary","tree",{"unique":true},[[0,"unsigned"],[1,"unsigned"]]]
row lsn=325 replica=0 type=INSERT tsn=325 commit=true flags=0x01 group=0 ts=1.780264762046598e+09 dml space=288 tuple=[288,2,"name","tree",{"unique":true},[[0,"unsigned"],[2,"string"]]]
row lsn=326 replica=0 type=INSERT tsn=326 commit=true flags=0x01 group=0 ts=1.780264762046598e+09 dml space=288 tuple=[289,0,"primary","tree",{"unique":true},[[0,"unsigned"],[1,"unsigned"]]]
row lsn=327 replica=0 type=INSERT tsn=327 commit=true flags=0x01 group=0 ts=1.780264762046598e+09 dml space=288 tuple=[289,2,"name","tree",{"unique":true},[[0,"unsigned"],[2,"string"]]]
row lsn=328 replica=0 type=INSERT tsn=328 commit=true flags=0x01 group=0 ts=1.780264762046598e+09 dml space=288 tuple=[296,0,"primary","tree",{"unique":true},[[0,"unsigned"]]]
row lsn=329 replica=0 type=INSERT tsn=329 commit=true flags=0x01 group=0 ts=1.780264762046598e+09 dml space=288 tuple=[296,1,"owner","tree",{"unique":false},[[1,"unsigned"]]]
row lsn=330 replica=0 type=INSERT tsn=330 commit=true flags=0x01 group=0 ts=1.780264762046598e+09 dml space=288 tuple=[296,2,"name","tree",{"unique":true},[[2,"string"]]]
row lsn=331 replica=0 type=INSERT tsn=331 commit=true flags=0x01 group=0 ts=1.780264762046598e+09 dml space=288 tuple=[297,0,"primary","tree",{"unique":true},[[0,"unsigned"]]]
row lsn=332 replica=0 type=INSERT tsn=332 commit=true flags=0x01 group=0 ts=1.780264762046598e+09 dml space=288 tuple=[297,1,"owner","tree",{"unique":false},[[1,"unsigned"]]]
row lsn=333 replica=0 type=INSERT tsn=333 commit=true flags=0x01 group=0 ts=1.780264762046598e+09 dml space=288 tuple=[297,2,"name","tree",{"unique":true},[[2,"string"]]]
row lsn=334 replica=0 type=INSERT tsn=334 commit=true flags=0x01 group=0 ts=1.780264762046598e+09 dml space=288 tuple=[304,0,"primary","tree",{"unique":true},[[0,"unsigned"]]]
row lsn=335 replica=0 type=INSERT tsn=335 commit=true flags=0x01 group=0 ts=1.780264762046598e+09 dml space=288 tuple=[304,1,"owner","tree",{"unique":false},[[1,"unsigned"]]]
row lsn=336 replica=0 type=INSERT tsn=336 commit=true flags=0x01 group=0 ts=1.780264762046598e+09 dml space=288 tuple=[304,2,"name","tree",{"unique":true},[[2,"string"]]]
row lsn=337 replica=0 type=INSERT tsn=337 commit=true flags=0x01 group=0 ts=1.780264762046598e+09 dml space=288 tuple=[305,0,"primary","tree",{"unique":true},[[0,"unsigned"]]]
row lsn=338 replica=0 type=INSERT tsn=338 commit=true flags=0x01 group=0 ts=1.780264762046598e+09 dml space=288 tuple=[305,1,"owner","tree",{"unique":false},[[1,"unsigned"]]]
row lsn=339 replica=0 type=INSERT tsn=339 commit=true flags=0x01 group=0 ts=1.780264762046598e+09 dml space=288 tuple=[305,2,"name","tree",{"unique":true},[[2,"string"]]]
row lsn=340 replica=0 type=INSERT tsn=340 commit=true flags=0x01 group=0 ts=1.780264762046598e+09 dml space=288 tuple=[312,0,"primary","tree",{"unique":true},[[1,"unsigned"],[2,"string"],[3,"scalar"]]]
row lsn=341 replica=0 type=INSERT tsn=341 commit=true flags=0x01 group=0 ts=1.780264762046598e+09 dml space=288 tuple=[312,1,"owner","tree",{"unique":false},[[0,"unsigned"]]]
row lsn=342 replica=0 type=INSERT tsn=342 commit=true flags=0x01 group=0 ts=1.780264762046598e+09 dml space=288 tuple=[312,2,"object","tree",{"unique":false},[[2,"string"],[3,"scalar"]]]
row lsn=343 replica=0 type=INSERT tsn=343 commit=true flags=0x01 group=0 ts=1.780264762046598e+09 dml space=288 tuple=[313,0,"primary","tree",{"unique":true},[[1,"unsigned"],[2,"string"],[3,"scalar"]]]
row lsn=344 replica=0 type=INSERT tsn=344 commit=true flags=0x01 group=0 ts=1.780264762046598e+09 dml space=288 tuple=[313,1,"owner","tree",{"unique":false},[[0,"unsigned"]]]
row lsn=345 replica=0 type=INSERT tsn=345 commit=true flags=0x01 group=0 ts=1.780264762046598e+09 dml space=288 tuple=[313,2,"object","tree",{"unique":false},[[2,"string"],[3,"scalar"]]]
row lsn=346 replica=0 type=INSERT tsn=346 commit=true flags=0x01 group=0 ts=1.780264762046598e+09 dml space=288 tuple=[320,0,"primary","tree",{"unique":true},[[0,"unsigned"]]]
row lsn=347 replica=0 type=INSERT tsn=347 commit=true flags=0x01 group=0 ts=1.780264762046598e+09 dml space=288 tuple=[320,1,"uuid","tree",{"unique":true},[[1,"string"]]]
row lsn=348 replica=0 type=INSERT tsn=348 commit=true flags=0x01 group=0 ts=1.780264762046598e+09 dml space=288 tuple=[328,0,"primary","tree",{"unique":true},[[0,"string"]]]
row lsn=349 replica=0 type=INSERT tsn=349 commit=true flags=0x01 group=0 ts=1.780264762046598e+09 dml space=288 tuple=[328,1,"space_id","tree",{"unique":false},[[1,"unsigned"]]]
row lsn=350 replica=0 type=INSERT tsn=350 commit=true flags=0x01 group=0 ts=1.780264762046598e+09 dml space=288 tuple=[330,0,"primary","tree",{"unique":true},[[0,"unsigned"]]]
row lsn=351 replica=0 type=INSERT tsn=351 commit=true flags=0x01 group=0 ts=1.780264762046598e+09 dml space=288 tuple=[340,0,"primary","tree",{"unique":true},[[0,"unsigned"]]]
row lsn=352 replica=0 type=INSERT tsn=352 commit=true flags=0x01 group=0 ts=1.780264762046598e+09 dml space=288 tuple=[340,1,"sequence","tree",{"unique":false},[[1,"unsigned"]]]
row lsn=353 replica=0 type=INSERT tsn=353 commit=true flags=0x01 group=0 ts=1.780264762046598e+09 dml space=288 tuple=[341,0,"primary","tree",{"unique":true},[[0,"unsigned"]]]
row lsn=354 replica=0 type=INSERT tsn=354 commit=true flags=0x01 group=0 ts=1.780264762046598e+09 dml space=288 tuple=[341,1,"sequence","tree",{"unique":false},[[1,"unsigned"]]]
row lsn=355 replica=0 type=INSERT tsn=355 commit=true flags=0x01 group=0 ts=1.780264762046598e+09 dml space=288 tuple=[356,0,"primary","tree",{"unique":true},[[0,"string"],[1,"unsigned"]]]
row lsn=356 replica=0 type=INSERT tsn=356 commit=true flags=0x01 group=0 ts=1.780264762046598e+09 dml space=288 tuple=[356,1,"child_id","tree",{"unique":false},[[1,"unsigned"]]]
row lsn=357 replica=0 type=INSERT tsn=357 commit=true flags=0x01 group=0 ts=1.780264762046598e+09 dml space=288 tuple=[364,0,"primary","tree",{"unique":true},[[0,"unsigned"],[1,"string"]]]
row lsn=358 replica=0 type=INSERT tsn=358 commit=true flags=0x01 group=0 ts=1.780264762046598e+09 dml space=288 tuple=[372,0,"primary","tree",{"unique":true},[[0,"unsigned"],[1,"unsigned"]]]
row lsn=359 replica=0 type=INSERT tsn=359 commit=true flags=0x01 group=0 ts=1.780264762046598e+09 dml space=288 tuple=[372,1,"fid","tree",{"unique":false},[[2,"unsigned"]]]
row lsn=360 replica=0 type=INSERT tsn=360 commit=true flags=0x01 group=0 ts=1.780264762046598e+09 dml space=288 tuple=[380,0,"primary","tree",{"unique":true},[[0,"string"]]]
row lsn=361 replica=0 type=INSERT tsn=361 commit=true flags=0x01 group=0 ts=1.780264762046598e+09 dml space=288 tuple=[388,0,"primary","tree",{"unique":true},[[0,"string"]]]
row lsn=362 replica=0 type=INSERT tsn=362 commit=true flags=0x01 group=0 ts=1.780264762046598e+09 dml space=296 tuple=[1,1,"box.schema.user.info",0,"LUA","","function",[],"any","none","none",false,false,true,["LUA"],{},"","2024-08-30 14:05:12","2024-08-30 14:05:12",[]]
row lsn=363 replica=0 type=INSERT tsn=363 commit=true flags=0x01 group=0 ts=1.780264762046598e+09 dml space=296 tuple=[65,1,"LUA",0,"LUA","function(code) return assert(loadstring(code))() end","function",["string"],"any","none","none",false,false,true,["LUA","SQL"],{},"","2024-08-30 14:05:12","2024-08-30 14:05:12",[]]
row lsn=364 replica=0 type=INSERT tsn=364 commit=true flags=0x01 group=0 ts=1.780264762046598e+09 dml space=304 tuple=[0,1,"guest","user",{"chap-sha1":"vhvewKp0tNyweZQ+cFKAlsyphfg="},[],0]
row lsn=365 replica=0 type=INSERT tsn=365 commit=true flags=0x01 group=0 ts=1.780264762046598e+09 dml space=304 tuple=[1,1,"admin","user",{},[],0]
row lsn=366 replica=0 type=INSERT tsn=366 commit=true flags=0x01 group=0 ts=1.780264762046598e+09 dml space=304 tuple=[2,1,"public","role",{},[],0]
row lsn=367 replica=0 type=INSERT tsn=367 commit=true flags=0x01 group=0 ts=1.780264762046598e+09 dml space=304 tuple=[3,1,"replication","role",{},[],0]
row lsn=368 replica=0 type=INSERT tsn=368 commit=true flags=0x01 group=0 ts=1.780264762046598e+09 dml space=304 tuple=[31,1,"super","role",{},[],0]
row lsn=369 replica=0 type=INSERT tsn=369 commit=true flags=0x01 group=0 ts=1.780264762046598e+09 dml space=312 tuple=[1,0,"role",2,4]
row lsn=370 replica=0 type=INSERT tsn=370 commit=true flags=0x01 group=0 ts=1.780264762046598e+09 dml space=312 tuple=[1,0,"universe",0,24]
row lsn=371 replica=0 type=INSERT tsn=371 commit=true flags=0x01 group=0 ts=1.780264762046598e+09 dml space=312 tuple=[1,1,"universe",0,4294967295]
row lsn=372 replica=0 type=INSERT tsn=372 commit=true flags=0x01 group=0 ts=1.780264762046598e+09 dml space=312 tuple=[1,2,"function",1,4]
row lsn=373 replica=0 type=INSERT tsn=373 commit=true flags=0x01 group=0 ts=1.780264762046598e+09 dml space=312 tuple=[1,2,"function",65,1]
row lsn=374 replica=0 type=INSERT tsn=374 commit=true flags=0x01 group=0 ts=1.780264762046598e+09 dml space=312 tuple=[1,2,"space",277,1]
row lsn=375 replica=0 type=INSERT tsn=375 commit=true flags=0x01 group=0 ts=1.780264762046598e+09 dml space=312 tuple=[1,2,"space",281,1]
row lsn=376 replica=0 type=INSERT tsn=376 commit=true flags=0x01 group=0 ts=1.780264762046598e+09 dml space=312 tuple=[1,2,"space",286,1]
row lsn=377 replica=0 type=INSERT tsn=377 commit=true flags=0x01 group=0 ts=1.780264762046598e+09 dml space=312 tuple=[1,2,"space",289,1]
row lsn=378 replica=0 type=INSERT tsn=378 commit=true flags=0x01 group=0 ts=1.780264762046598e+09 dml space=312 tuple=[1,2,"space",297,1]
row lsn=379 replica=0 type=INSERT tsn=379 commit=true flags=0x01 group=0 ts=1.780264762046598e+09 dml space=312 tuple=[1,2,"space",305,1]
row lsn=380 replica=0 type=INSERT tsn=380 commit=true flags=0x01 group=0 ts=1.780264762046598e+09 dml space=312 tuple=[1,2,"space",313,1]
row lsn=381 replica=0 type=INSERT tsn=381 commit=true flags=0x01 group=0 ts=1.780264762046598e+09 dml space=312 tuple=[1,2,"space",330,2]
row lsn=382 replica=0 type=INSERT tsn=382 commit=true flags=0x01 group=0 ts=1.780264762046598e+09 dml space=312 tuple=[1,2,"space",341,1]
row lsn=383 replica=0 type=INSERT tsn=383 commit=true flags=0x01 group=0 ts=1.780264762046598e+09 dml space=312 tuple=[1,2,"space",380,3]
row lsn=384 replica=0 type=INSERT tsn=384 commit=true flags=0x01 group=0 ts=1.780264762046598e+09 dml space=312 tuple=[1,3,"space",320,2]
row lsn=385 replica=0 type=INSERT tsn=385 commit=true flags=0x01 group=0 ts=1.780264762046598e+09 dml space=312 tuple=[1,3,"space",388,2]
row lsn=386 replica=0 type=INSERT tsn=386 commit=true flags=0x01 group=0 ts=1.780264762046598e+09 dml space=312 tuple=[1,3,"universe",0,1]
row lsn=387 replica=0 type=INSERT tsn=387 commit=true flags=0x01 group=0 ts=1.780264762046598e+09 dml space=312 tuple=[1,31,"universe",0,4294967295]
row lsn=388 replica=0 type=INSERT tsn=388 commit=true flags=0x01 group=0 ts=1.780264762046598e+09 dml space=320 tuple=[1,"18b7f835-71e7-47f7-95ca-c0ea768b5808"]
row lsn=389 replica=0 type=RAFT tsn=389 commit=true flags=0x01 group=1 ts=1.780264762046598e+09 raft term=1 vote=0 state=0 leader=0 leader_seen=false vclock={}
row lsn=390 replica=0 type=RAFT_PROMOTE tsn=390 commit=true flags=0x01 group=0 ts=1.780264762046598e+09 synchro replica=0 lsn=0 term=0
